{
  "version": "1.5.0",
  "plugins_used": [
    {
      "name": "ArtifactoryDetector"
    },
    {
      "name": "AWSKeyDetector"
    },
    {
      "name": "AzureStorageKeyDetector"
    },
    {
      "name": "Base64HighEntropyString",
      "limit": 4.5
    },
    {
      "name": "BasicAuthDetector"
    },
    {
      "name": "CloudantDetector"
    },
    {
      "name": "DiscordBotTokenDetector"
    },
    {
      "name": "GitHubTokenDetector"
    },
    {
      "name": "GitLabTokenDetector"
    },
    {
      "name": "HexHighEntropyString",
      "limit": 3.0
    },
    {
      "name": "IbmCloudIamDetector"
    },
    {
      "name": "IbmCosHmacDetector"
    },
    {
      "name": "IPPublicDetector"
    },
    {
      "name": "JwtTokenDetector"
    },
    {
      "name": "KeywordDetector",
      "keyword_exclude": ""
    },
    {
      "name": "MailchimpDetector"
    },
    {
      "name": "NpmDetector"
    },
    {
      "name": "OpenAIDetector"
    },
    {
      "name": "PrivateKeyDetector"
    },
    {
      "name": "PypiTokenDetector"
    },
    {
      "name": "SendGridDetector"
    },
    {
      "name": "SlackDetector"
    },
    {
      "name": "SoftlayerDetector"
    },
    {
      "name": "SquareOAuthDetector"
    },
    {
      "name": "StripeDetector"
    },
    {
      "name": "TelegramBotTokenDetector"
    },
    {
      "name": "TwilioKeyDetector"
    }
  ],
  "filters_used": [
    {
      "path": "detect_secrets.filters.allowlist.is_line_allowlisted"
    },
    {
      "path": "detect_secrets.filters.common.is_baseline_file",
      "filename": ".secrets.baseline"
    },
    {
      "path": "detect_secrets.filters.common.is_ignored_due_to_verification_policies",
      "min_level": 2
    },
    {
      "path": "detect_secrets.filters.heuristic.is_indirect_reference"
    },
    {
      "path": "detect_secrets.filters.heuristic.is_likely_id_string"
    },
    {
      "path": "detect_secrets.filters.heuristic.is_lock_file"
    },
    {
      "path": "detect_secrets.filters.heuristic.is_not_alphanumeric_string"
    },
    {
      "path": "detect_secrets.filters.heuristic.is_potential_uuid"
    },
    {
      "path": "detect_secrets.filters.heuristic.is_prefixed_with_dollar_sign"
    },
    {
      "path": "detect_secrets.filters.heuristic.is_sequential_string"
    },
    {
      "path": "detect_secrets.filters.heuristic.is_swagger_file"
    },
    {
      "path": "detect_secrets.filters.heuristic.is_templated_secret"
    },
    {
      "path": "detect_secrets.filters.regex.should_exclude_file",
      "pattern": [
        "(\\.venv|\\.wheel-venv|build|dist|__pycache__)"
      ]
    }
  ],
  "results": {
    "core\\loot\\filter.py": [
      {
        "type": "Secret Keyword",
        "filename": "core\\loot\\filter.py",
        "hashed_secret": "d506bd5213c46bd49e16c634754ad70113408252",
        "is_verified": false,
        "line_number": 14
      }
    ],
    "core\\snippets\\interpolator.py": [
      {
        "type": "Secret Keyword",
        "filename": "core\\snippets\\interpolator.py",
        "hashed_secret": "5baa61e4c9b93f3f0682250b6cf8331b7ee68fd8",
        "is_verified": false,
        "line_number": 60
      }
    ],
    "tests\\test_controllers_domain.py": [
      {
        "type": "Secret Keyword",
        "filename": "tests\\test_controllers_domain.py",
        "hashed_secret": "9d4e1e23bd5b727046a9e3b4b7db57bd8d6ee684",
        "is_verified": false,
        "line_number": 201
      }
    ],
    "tests\\test_loot_report_sync.py": [
      {
        "type": "Hex High Entropy String",
        "filename": "tests\\test_loot_report_sync.py",
        "hashed_secret": "90bd1b48e958257948487b90bee080ba5ed00caa",
        "is_verified": false,
        "line_number": 118
      }
    ],
    "tests\\test_obsidian_exporter.py": [
      {
        "type": "Secret Keyword",
        "filename": "tests\\test_obsidian_exporter.py",
        "hashed_secret": "e3e44a43978d32d0ce398ff052f4ae168fad49c5",
        "is_verified": false,
        "line_number": 29
      }
    ],
    "tests\\test_project_session_service.py": [
      {
        "type": "Secret Keyword",
        "filename": "tests\\test_project_session_service.py",
        "hashed_secret": "1a10fe879378eb96759439861eeab36fa766d783",
        "is_verified": false,
        "line_number": 56
      }
    ],
    "tests\\test_template_params.py": [
      {
        "type": "Secret Keyword",
        "filename": "tests\\test_template_params.py",
        "hashed_secret": "edbd1887e772e13c251f688a5f10c1ffbb67960d",
        "is_verified": false,
        "line_number": 52
      },
      {
        "type": "Secret Keyword",
        "filename": "tests\\test_template_params.py",
        "hashed_secret": "49efef5f70d47adc2db2eb397fbef5f7bc560e29",
        "is_verified": false,
        "line_number": 62
      }
    ],
    "tests\\test_ui_interactions.py": [
      {
        "type": "Secret Keyword",
        "filename": "tests\\test_ui_interactions.py",
        "hashed_secret": "ff3193d8cf2876342eb1eca087c3e063756466b4",
        "is_verified": false,
        "line_number": 190
      }
    ],
    "tests\\test_variable_bar_hybrid.py": [
      {
        "type": "Secret Keyword",
        "filename": "tests\\test_variable_bar_hybrid.py",
        "hashed_secret": "edbd1887e772e13c251f688a5f10c1ffbb67960d",
        "is_verified": false,
        "line_number": 19
      },
      {
        "type": "Secret Keyword",
        "filename": "tests\\test_variable_bar_hybrid.py",
        "hashed_secret": "010937b3200fc937bbba4a5f8bf1688b10557893",
        "is_verified": false,
        "line_number": 54
      },
      {
        "type": "Hex High Entropy String",
        "filename": "tests\\test_variable_bar_hybrid.py",
        "hashed_secret": "95d48052e55fd819280be0b523a1c5d1257a2428",
        "is_verified": false,
        "line_number": 168
      }
    ]
  },
  "generated_at": "2026-09-05T15:58:41Z"
}
